#-----------------------------------------------------------
# Vivado v2024.2 (64-bit)
# SW Build 5239630 on Fri Nov 08 22:34:34 MST 2024
# IP Build 5239520 on Sun Nov 10 16:12:51 MST 2024
# SharedData Build 5239561 on Fri Nov 08 14:39:27 MST 2024
# Start of session at: Tue Oct 28 21:50:50 2025
# Process ID         : 33760
# Current directory  : /home/alhua/VivadoProject/RMSnorm/RMSnorm.runs/c_shift_ram_0_synth_1
# Command line       : vivado -log c_shift_ram_0.vds -product Vivado -mode batch -messageDb vivado.pb -notrace -source c_shift_ram_0.tcl
# Log file           : /home/alhua/VivadoProject/RMSnorm/RMSnorm.runs/c_shift_ram_0_synth_1/c_shift_ram_0.vds
# Journal file       : /home/alhua/VivadoProject/RMSnorm/RMSnorm.runs/c_shift_ram_0_synth_1/vivado.jou
# Running On         : Hua
# Platform           : Ubuntu
# Operating System   : Ubuntu 22.04.5 LTS
# Processor Detail   : 13th Gen Intel(R) Core(TM) i7-13700H
# CPU Frequency      : 583.725 MHz
# CPU Physical cores : 14
# CPU Logical cores  : 20
# Host memory        : 16476 MB
# Swap memory        : 0 MB
# Total Virtual      : 16476 MB
# Available Virtual  : 8601 MB
#-----------------------------------------------------------
source c_shift_ram_0.tcl -notrace
